[INFO] Starting System Check...
[PASS] Gateway is UP (http://localhost:8000)
[PASS] KMS Service is UP (http://localhost:8001)
[PASS] Users Service is UP (http://localhost:8002)
[PASS] Schools Service is UP (http://localhost:8003)
[PASS] Email Service is UP (http://localhost:8004)
[INFO] Testing Auth Flow via Gateway...
[PASS] Registration successful: 202
[FAIL] Login failed: 422 - {"detail":[{"type":"missing","loc":["body","username"],"msg":"Field required","input":null},{"type":"missing","loc":["body","password"],"msg":"Field required","input":null}]}
[WARN] Skipping authenticated tests due to login failure
